



–азработка ѕќ —истем ”правлени€







Ћабораторна€ работа є3
"ƒекомпозици€ программы"








студнта 1 курса »¬“» 
группы ј-03-19
ћуромцевой Ёльвиры






1. »справить код программы из лабораторной работы є1. Ќаписать новые функции.
2. —оздать новый репозиторий дл€ лабораторной работы є3.
Ёльвира ћ”–ќћ÷≈¬ј@elia-2001 MINGW64 ~/Desktop/proga/2cemectr/lab3
$ git init
Initialized empty Git repository in C:/Users/Ёльвира ћ”–ќћ÷≈¬ј.elia-2001/D/proga/2cemectr/lab3/.git/

Ёльвира ћ”–ќћ÷≈¬ј@elia-2001 MINGW64 ~/Desktop/proga/2cemectr/lab3 (master)
$ git config user.name 'elvira(Muromtseva)'

Ёльвира ћ”–ќћ÷≈¬ј@elia-2001 MINGW64 ~/Desktop/proga/2cemectr/lab3 (master)
$ git config user.email 'elvira@example.com'

Ёльвира ћ”–ќћ÷≈¬ј@elia-2001 MINGW64 ~/Desktop/proga/2cemectr/lab3 (master)
$ git remote add origin https://github.com/MuromtsevaEA/laba3.git

Ёльвира ћ”–ќћ÷≈¬ј@elia-2001 MINGW64 ~/Desktop/proga/2cemectr/lab3 (master)
$ git status
On branch master

No commits yet

Untracked files:
  (use "git add <file>..." to include in what will be committed)
        README.md
        bin/
        lab3.cbp
        main.cpp
        main.exe
        main.o
        obj/

nothing added to commit but untracked files present (use "git add" to trac

Ёльвира ћ”–ќћ÷≈¬ј@elia-2001 MINGW64 ~/Desktop/proga/2cemectr/lab3 (master)
$ git push -u origin master
error: src refspec master does not match any
error: failed to push some refs to 'https://github.com/MuromtsevaEA/laba3.

Ёльвира ћ”–ќћ÷≈¬ј@elia-2001 MINGW64 ~/Desktop/proga/2cemectr/lab3 (master)
$ git status
On branch master

No commits yet

Untracked files:
  (use "git add <file>..." to include in what will be committed)
        README.md
        bin/
        lab3.cbp
        main.cpp
        main.exe
        main.o
        obj/

nothing added to commit but untracked files present (use "git add" to trac

Ёльвира ћ”–ќћ÷≈¬ј@elia-2001 MINGW64 ~/Desktop/proga/2cemectr/lab3 (master)
$ git add README.md

warning: LF will be replaced by CRLF in README.md.
The file will have its original line endings in your working directory

3.ƒобавить все файлы.

Ёльвира ћ”–ќћ÷≈¬ј@elia-2001 MINGW64 ~/Desktop/proga/2cemectr/lab3 (master)
$ git add bin/

Ёльвира ћ”–ќћ÷≈¬ј@elia-2001 MINGW64 ~/Desktop/proga/2cemectr/lab3 (master)
$ git add lab3.cbp
warning: LF will be replaced by CRLF in lab3.cbp.
The file will have its original line endings in your working directory

Ёльвира ћ”–ќћ÷≈¬ј@elia-2001 MINGW64 ~/Desktop/proga/2cemectr/lab3 (master)
$ git add main.cpp

Ёльвира ћ”–ќћ÷≈¬ј@elia-2001 MINGW64 ~/Desktop/proga/2cemectr/lab3 (master)
$ git add main.exe

Ёльвира ћ”–ќћ÷≈¬ј@elia-2001 MINGW64 ~/Desktop/proga/2cemectr/lab3 (master)
$ git add main.o

Ёльвира ћ”–ќћ÷≈¬ј@elia-2001 MINGW64 ~/Desktop/proga/2cemectr/lab3 (master)
$ git status
On branch master

No commits yet

Changes to be committed:
  (use "git rm --cached <file>..." to unstage)
        new file:   README.md
        new file:   bin/Debug/lab3.exe
        new file:   lab3.cbp
        new file:   main.cpp
        new file:   main.exe
        new file:   main.o

Untracked files:
  (use "git add <file>..." to include in what will be committed)
        obj/


Ёльвира ћ”–ќћ÷≈¬ј@elia-2001 MINGW64 ~/Desktop/proga/2cemectr/lab3 (master)
$ git add obj/

Ёльвира ћ”–ќћ÷≈¬ј@elia-2001 MINGW64 ~/Desktop/proga/2cemectr/lab3 (master)
$ git status
On branch master

No commits yet

Changes to be committed:
  (use "git rm --cached <file>..." to unstage)
        new file:   README.md
        new file:   bin/Debug/lab3.exe
        new file:   lab3.cbp
        new file:   main.cpp
        new file:   main.exe
        new file:   main.o
        new file:   obj/Debug/main.o

4. Ќаписать коммит и добавить его в GitHub.

Ёльвира ћ”–ќћ÷≈¬ј@elia-2001 MINGW64 ~/Desktop/proga/2cemectr/lab3 (master)
$ git commit -m 'code: добавила все файлы'
[master (root-commit) e5b6541] code: добавила все файлы
 7 files changed, 153 insertions(+)
 create mode 100644 README.md
 create mode 100644 bin/Debug/lab3.exe
 create mode 100644 lab3.cbp
 create mode 100644 main.cpp
 create mode 100644 main.exe
 create mode 100644 main.o
 create mode 100644 obj/Debug/main.o

Ёльвира ћ”–ќћ÷≈¬ј@elia-2001 MINGW64 ~/Desktop/proga/2cemectr/lab3 (master)
$ git push
fatal: The current branch master has no upstream branch.
To push the current branch and set the remote as upstream, use

    git push --set-upstream origin master


Ёльвира ћ”–ќћ÷≈¬ј@elia-2001 MINGW64 ~/Desktop/proga/2cemectr/lab3 (master)
$ git push -u origin master
Enumerating objects: 13, done.
Counting objects: 100% (13/13), done.
Delta compression using up to 4 threads
Compressing objects: 100% (8/8), done.
Writing objects: 100% (13/13), 74.54 KiB | 663.00 KiB/s, done.
Total 13 (delta 3), reused 0 (delta 0)
remote: Resolving deltas: 100% (3/3), done.
To https://github.com/MuromtsevaEA/laba3.git
 * [new branch]      master -> master
Branch 'master' set up to track remote branch 'master' from 'origin'.

5. ¬несла изменени€ в программу. —делала коммит.

Ёльвира ћ”–ќћ÷≈¬ј@elia-2001 MINGW64 ~/Desktop/proga/2cemectr/lab3 (master)
$ git status
On branch master
Your branch is up to date with 'origin/master'.

Changes not staged for commit:
  (use "git add/rm <file>..." to update what will be committed)
  (use "git restore <file>..." to discard changes in working directory)
        modified:   main.cpp
        deleted:    main.exe
        modified:   main.o

Untracked files:
  (use "git add <file>..." to include in what will be committed)
        bin/Debug/libgcc_s_dw2-1.dll
        bin/Debug/libgcc_s_sjlj-1.dll
        bin/Debug/libstdc++-6.dll
        bin/Debug/marks.svg
        bin/Debug/marks.txt

no changes added to commit (use "git add" and/or "git commit -a")

Ёльвира ћ”–ќћ÷≈¬ј@elia-2001 MINGW64 ~/Desktop/proga/2cemectr/lab3 (master)
$ git add main.cpp

Ёльвира ћ”–ќћ÷≈¬ј@elia-2001 MINGW64 ~/Desktop/proga/2cemectr/lab3 (master)
$ git add main.exe

Ёльвира ћ”–ќћ÷≈¬ј@elia-2001 MINGW64 ~/Desktop/proga/2cemectr/lab3 (master)
$ git add main.o

Ёльвира ћ”–ќћ÷≈¬ј@elia-2001 MINGW64 ~/Desktop/proga/2cemectr/lab3 (master)
$ git status
On branch master
Your branch is up to date with 'origin/master'.

Changes to be committed:
  (use "git restore --staged <file>..." to unstage)
        modified:   main.cpp
        deleted:    main.exe
        modified:   main.o

Untracked files:
  (use "git add <file>..." to include in what will be committed)
        bin/Debug/libgcc_s_dw2-1.dll
        bin/Debug/libgcc_s_sjlj-1.dll
        bin/Debug/libstdc++-6.dll
        bin/Debug/marks.svg
        bin/Debug/marks.txt


Ёльвира ћ”–ќћ÷≈¬ј@elia-2001 MINGW64 ~/Desktop/proga/2cemectr/lab3 (master)
$ git commit -m 'внесла изменени€ в программу'
[master 7d378a7] внесла изменени€ в программу
 3 files changed, 75 insertions(+), 7 deletions(-)
 delete mode 100644 main.exe
 rewrite main.o (98%)

Ёльвира ћ”–ќћ÷≈¬ј@elia-2001 MINGW64 ~/Desktop/proga/2cemectr/lab3 (master)
$ git push
Enumerating objects: 7, done.
Counting objects: 100% (7/7), done.
Delta compression using up to 4 threads
Compressing objects: 100% (4/4), done.
Writing objects: 100% (4/4), 12.26 KiB | 1.36 MiB/s, done.
Total 4 (delta 3), reused 0 (delta 0)
remote: Resolving deltas: 100% (3/3), completed with 3 local objects.
To https://github.com/MuromtsevaEA/laba3.git
   e5b6541..7d378a7  master -> master

6. —оздать модуль MinMax.h, сделать коммит.

Ёльвира ћ”–ќћ÷≈¬ј@elia-2001 MINGW64 ~/Desktop/proga/2cemectr/lab3 (master)
$ git status
On branch master
Your branch is up to date with 'origin/master'.

Changes not staged for commit:
  (use "git add <file>..." to update what will be committed)
  (use "git restore <file>..." to discard changes in working directory)
        modified:   main.cpp
        modified:   main.o

Untracked files:
  (use "git add <file>..." to include in what will be committed)
        MinMax.h
        bin/Debug/libgcc_s_dw2-1.dll
        bin/Debug/libgcc_s_sjlj-1.dll
        bin/Debug/libstdc++-6.dll
        bin/Debug/marks.svg
        bin/Debug/marks.txt

no changes added to commit (use "git add" and/or "git commit -a")

Ёльвира ћ”–ќћ÷≈¬ј@elia-2001 MINGW64 ~/Desktop/proga/2cemectr/lab3 (master)
$ git add main.o

Ёльвира ћ”–ќћ÷≈¬ј@elia-2001 MINGW64 ~/Desktop/proga/2cemectr/lab3 (master)
$ git add main.cpp

Ёльвира ћ”–ќћ÷≈¬ј@elia-2001 MINGW64 ~/Desktop/proga/2cemectr/lab3 (master)
$ git add MinMax.h

Ёльвира ћ”–ќћ÷≈¬ј@elia-2001 MINGW64 ~/Desktop/proga/2cemectr/lab3 (master)
$ git status
On branch master
Your branch is up to date with 'origin/master'.

Changes to be committed:
  (use "git restore --staged <file>..." to unstage)
        new file:   MinMax.h
        modified:   main.cpp
        modified:   main.o

Untracked files:
  (use "git add <file>..." to include in what will be committed)
        bin/Debug/libgcc_s_dw2-1.dll
        bin/Debug/libgcc_s_sjlj-1.dll
        bin/Debug/libstdc++-6.dll
        bin/Debug/marks.svg
        bin/Debug/marks.txt


Ёльвира ћ”–ќћ÷≈¬ј@elia-2001 MINGW64 ~/Desktop/proga/2cemectr/lab3 (master)
$ git commit -m 'перенесла функцию find_minmax в MinMax.h, подключила его и сохранила'
[master c6d0390] перенесла функцию find_minmax в MinMax.h, подключила его и сохранила
 3 files changed, 22 insertions(+), 13 deletions(-)
 create mode 100644 MinMax.h

Ёльвира ћ”–ќћ÷≈¬ј@elia-2001 MINGW64 ~/Desktop/proga/2cemectr/lab3 (master)
$ git push
Enumerating objects: 8, done.
Counting objects: 100% (8/8), done.
Delta compression using up to 4 threads
Compressing objects: 100% (5/5), done.
Writing objects: 100% (5/5), 3.09 KiB | 633.00 KiB/s, done.
Total 5 (delta 3), reused 0 (delta 0)
remote: Resolving deltas: 100% (3/3), completed with 2 local objects.
To https://github.com/MuromtsevaEA/laba3.git
   7d378a7..c6d0390  master -> master
 
7. —оздать MinMax.cpp , написать коммит.

Ёльвира ћ”–ќћ÷≈¬ј@elia-2001 MINGW64 ~/Desktop/proga/2cemectr/lab3 (master)
$ git status
On branch master
Your branch is up to date with 'origin/master'.

Changes not staged for commit:
  (use "git add <file>..." to update what will be committed)
  (use "git restore <file>..." to discard changes in working directory)
        modified:   MinMax.h

Untracked files:
  (use "git add <file>..." to include in what will be committed)
        MinMax.cpp
        MinMax.o
        bin/Debug/libgcc_s_dw2-1.dll
        bin/Debug/libgcc_s_sjlj-1.dll
        bin/Debug/libstdc++-6.dll
        bin/Debug/marks.svg
        bin/Debug/marks.txt

no changes added to commit (use "git add" and/or "git commit -a")

Ёльвира ћ”–ќћ÷≈¬ј@elia-2001 MINGW64 ~/Desktop/proga/2cemectr/lab3 (master)
$ git add MinMax.h

Ёльвира ћ”–ќћ÷≈¬ј@elia-2001 MINGW64 ~/Desktop/proga/2cemectr/lab3 (master)
$ git add MinMaxx.cpp
fatal: pathspec 'MinMaxx.cpp' did not match any files

Ёльвира ћ”–ќћ÷≈¬ј@elia-2001 MINGW64 ~/Desktop/proga/2cemectr/lab3 (master)
$ git add MinMax.o

Ёльвира ћ”–ќћ÷≈¬ј@elia-2001 MINGW64 ~/Desktop/proga/2cemectr/lab3 (master)
$ git status
On branch master
Your branch is up to date with 'origin/master'.

Changes to be committed:
  (use "git restore --staged <file>..." to unstage)
        modified:   MinMax.h
        new file:   MinMax.o

Untracked files:
  (use "git add <file>..." to include in what will be committed)
        MinMax.cpp
        bin/Debug/libgcc_s_dw2-1.dll
        bin/Debug/libgcc_s_sjlj-1.dll
        bin/Debug/libstdc++-6.dll
        bin/Debug/marks.svg
        bin/Debug/marks.txt


Ёльвира ћ”–ќћ÷≈¬ј@elia-2001 MINGW64 ~/Desktop/proga/2cemectr/lab3 (master)
$ git add MinMax.cpp

Ёльвира ћ”–ќћ÷≈¬ј@elia-2001 MINGW64 ~/Desktop/proga/2cemectr/lab3 (master)
$ git status
On branch master
Your branch is up to date with 'origin/master'.

Changes to be committed:
  (use "git restore --staged <file>..." to unstage)
        new file:   MinMax.cpp
        modified:   MinMax.h
        new file:   MinMax.o

Untracked files:
  (use "git add <file>..." to include in what will be committed)
        bin/Debug/libgcc_s_dw2-1.dll
        bin/Debug/libgcc_s_sjlj-1.dll
        bin/Debug/libstdc++-6.dll
        bin/Debug/marks.svg
        bin/Debug/marks.txt


Ёльвира ћ”–ќћ÷≈¬ј@elia-2001 MINGW64 ~/Desktop/proga/2cemectr/lab3 (master)
$ git commit -m 'добавила MinMax.cpp, переместила в сюда функцию, все сохранила'
[master 7b3f4a4] добавила MinMax.cpp, переместила в сюда функцию, все сохранила
 3 files changed, 23 insertions(+), 18 deletions(-)
 create mode 100644 MinMax.cpp
 create mode 100644 MinMax.o

Ёльвира ћ”–ќћ÷≈¬ј@elia-2001 MINGW64 ~/Desktop/proga/2cemectr/lab3 (master)
$ git push
Enumerating objects: 7, done.
Counting objects: 100% (7/7), done.
Delta compression using up to 4 threads
Compressing objects: 100% (5/5), done.
Writing objects: 100% (5/5), 2.38 KiB | 610.00 KiB/s, done.
Total 5 (delta 0), reused 0 (delta 0)
To https://github.com/MuromtsevaEA/laba3.git
   c6d0390..7b3f4a4  master -> master

8. —оздать  lab3-test. провсти тесты, добавить коммиты.

Ёльвира ћ”–ќћ÷≈¬ј@elia-2001 MINGW64 ~/Desktop/proga/2cemectr/lab3 (master)
$ git status
On branch master
Your branch is up to date with 'origin/master'.

Untracked files:
  (use "git add <file>..." to include in what will be committed)
        bin/Debug/libgcc_s_dw2-1.dll
        bin/Debug/libgcc_s_sjlj-1.dll
        bin/Debug/libstdc++-6.dll
        bin/Debug/marks.svg
        bin/Debug/marks.txt
        lab3_test/

nothing added to commit but untracked files present (use "git add" to track)

Ёльвира ћ”–ќћ÷≈¬ј@elia-2001 MINGW64 ~/Desktop/proga/2cemectr/lab3 (master)
$ git add lab3_test/
warning: LF will be replaced by CRLF in lab3_test/lab3_test.cbp.
The file will have its original line endings in your working directory

Ёльвира ћ”–ќћ÷≈¬ј@elia-2001 MINGW64 ~/Desktop/proga/2cemectr/lab3 (master)
$ git status
On branch master
Your branch is up to date with 'origin/master'.

Changes to be committed:
  (use "git restore --staged <file>..." to unstage)
        new file:   lab3_test/lab3_test.cbp
        new file:   lab3_test/test.cbp

Untracked files:
  (use "git add <file>..." to include in what will be committed)
        bin/Debug/libgcc_s_dw2-1.dll
        bin/Debug/libgcc_s_sjlj-1.dll
        bin/Debug/libstdc++-6.dll
        bin/Debug/marks.svg
        bin/Debug/marks.txt


Ёльвира ћ”–ќћ÷≈¬ј@elia-2001 MINGW64 ~/Desktop/proga/2cemectr/lab3 (master)
$ git commit -m 'добавила lab3_test'
[master f970d40] добавила lab3_test
 2 files changed, 41 insertions(+)
 create mode 100644 lab3_test/lab3_test.cbp
 create mode 100644 lab3_test/test.cbp

Ёльвира ћ”–ќћ÷≈¬ј@elia-2001 MINGW64 ~/Desktop/proga/2cemectr/lab3 (master)
$ git push
Enumerating objects: 6, done.
Counting objects: 100% (6/6), done.
Delta compression using up to 4 threads
Compressing objects: 100% (4/4), done.
Writing objects: 100% (5/5), 757 bytes | 378.00 KiB/s, done.
Total 5 (delta 1), reused 0 (delta 0)
remote: Resolving deltas: 100% (1/1), completed with 1 local object.
To https://github.com/MuromtsevaEA/laba3.git
   7b3f4a4..f970d40  master -> master

Ёльвира ћ”–ќћ÷≈¬ј@elia-2001 MINGW64 ~/Desktop/proga/2cemectr/lab3 (master)
$ git status
On branch master
Your branch is up to date with 'origin/master'.

Changes not staged for commit:
  (use "git add <file>..." to update what will be committed)
  (use "git restore <file>..." to discard changes in working directory)
        modified:   lab3_test/test.cbp

Untracked files:
  (use "git add <file>..." to include in what will be committed)
        bin/Debug/libgcc_s_dw2-1.dll
        bin/Debug/libgcc_s_sjlj-1.dll
        bin/Debug/libstdc++-6.dll
        bin/Debug/marks.svg
        bin/Debug/marks.txt
        lab3_test/obj/

no changes added to commit (use "git add" and/or "git commit -a")

Ёльвира ћ”–ќћ÷≈¬ј@elia-2001 MINGW64 ~/Desktop/proga/2cemectr/lab3 (master)
$ git add lab3_test/test.cbp

Ёльвира ћ”–ќћ÷≈¬ј@elia-2001 MINGW64 ~/Desktop/proga/2cemectr/lab3 (master)
$ git commit -m 'первый тест'
[master bf4e82b] первый тест
 1 file changed, 17 insertions(+)

Ёльвира ћ”–ќћ÷≈¬ј@elia-2001 MINGW64 ~/Desktop/proga/2cemectr/lab3 (master)
$ git push
Enumerating objects: 7, done.
Counting objects: 100% (7/7), done.
Delta compression using up to 4 threads
Compressing objects: 100% (4/4), done.
Writing objects: 100% (4/4), 502 bytes | 251.00 KiB/s, done.
Total 4 (delta 1), reused 0 (delta 0)
remote: Resolving deltas: 100% (1/1), completed with 1 local object.
To https://github.com/MuromtsevaEA/laba3.git
   f970d40..bf4e82b  master -> master

Ёльвира ћ”–ќћ÷≈¬ј@elia-2001 MINGW64 ~/Desktop/proga/2cemectr/lab3 (master)
$ git status
On branch master
Your branch is up to date with 'origin/master'.

Changes not staged for commit:
  (use "git add <file>..." to update what will be committed)
  (use "git restore <file>..." to discard changes in working directory)
        modified:   lab3_test/test.cbp

Untracked files:
  (use "git add <file>..." to include in what will be committed)
        bin/Debug/libgcc_s_dw2-1.dll
        bin/Debug/libgcc_s_sjlj-1.dll
        bin/Debug/libstdc++-6.dll
        bin/Debug/marks.svg
        bin/Debug/marks.txt
        lab3_test/lab3_test.depend
        lab3_test/obj/

no changes added to commit (use "git add" and/or "git commit -a")

Ёльвира ћ”–ќћ÷≈¬ј@elia-2001 MINGW64 ~/Desktop/proga/2cemectr/lab3 (master)
$ git add lab3_test/test.cbp

Ёльвира ћ”–ќћ÷≈¬ј@elia-2001 MINGW64 ~/Desktop/proga/2cemectr/lab3 (master)
$ git status
On branch master
Your branch is up to date with 'origin/master'.

Changes to be committed:
  (use "git restore --staged <file>..." to unstage)
        modified:   lab3_test/test.cbp

Untracked files:
  (use "git add <file>..." to include in what will be committed)
        bin/Debug/libgcc_s_dw2-1.dll
        bin/Debug/libgcc_s_sjlj-1.dll
        bin/Debug/libstdc++-6.dll
        bin/Debug/marks.svg
        bin/Debug/marks.txt
        lab3_test/lab3_test.depend
        lab3_test/obj/


Ёльвира ћ”–ќћ÷≈¬ј@elia-2001 MINGW64 ~/Desktop/proga/2cemectr/lab3 (master)
$ git commit -m 'второй тест'
[master 99de2d4] второй тест
 1 file changed, 4 insertions(+), 4 deletions(-)

Ёльвира ћ”–ќћ÷≈¬ј@elia-2001 MINGW64 ~/Desktop/proga/2cemectr/lab3 (master)
$ git push
Enumerating objects: 7, done.
Counting objects: 100% (7/7), done.
Delta compression using up to 4 threads
Compressing objects: 100% (4/4), done.
Writing objects: 100% (4/4), 420 bytes | 210.00 KiB/s, done.
Total 4 (delta 2), reused 0 (delta 0)
remote: Resolving deltas: 100% (2/2), completed with 2 local objects.
To https://github.com/MuromtsevaEA/laba3.git
   bf4e82b..99de2d4  master -> master

Ёльвира ћ”–ќћ÷≈¬ј@elia-2001 MINGW64 ~/Desktop/proga/2cemectr/lab3 (master)
$ git status
On branch master
Your branch is up to date with 'origin/master'.

Changes not staged for commit:
  (use "git add <file>..." to update what will be committed)
  (use "git restore <file>..." to discard changes in working directory)
        modified:   lab3_test/test.cbp

Untracked files:
  (use "git add <file>..." to include in what will be committed)
        bin/Debug/libgcc_s_dw2-1.dll
        bin/Debug/libgcc_s_sjlj-1.dll
        bin/Debug/libstdc++-6.dll
        bin/Debug/marks.svg
        bin/Debug/marks.txt
        lab3_test/lab3_test.depend
        lab3_test/obj/

no changes added to commit (use "git add" and/or "git commit -a")

Ёльвира ћ”–ќћ÷≈¬ј@elia-2001 MINGW64 ~/Desktop/proga/2cemectr/lab3 (master)
$ git add lab3_test/test.cbp

Ёльвира ћ”–ќћ÷≈¬ј@elia-2001 MINGW64 ~/Desktop/proga/2cemectr/lab3 (master)
$ git status
On branch master
Your branch is up to date with 'origin/master'.

Changes to be committed:
  (use "git restore --staged <file>..." to unstage)
        modified:   lab3_test/test.cbp

Untracked files:
  (use "git add <file>..." to include in what will be committed)
        bin/Debug/libgcc_s_dw2-1.dll
        bin/Debug/libgcc_s_sjlj-1.dll
        bin/Debug/libstdc++-6.dll
        bin/Debug/marks.svg
        bin/Debug/marks.txt
        lab3_test/lab3_test.depend
        lab3_test/obj/


Ёльвира ћ”–ќћ÷≈¬ј@elia-2001 MINGW64 ~/Desktop/proga/2cemectr/lab3 (master)
$ git commit -m ' третий тест'
[master e5125ed]  третий тест
 1 file changed, 5 insertions(+), 5 deletions(-)

Ёльвира ћ”–ќћ÷≈¬ј@elia-2001 MINGW64 ~/Desktop/proga/2cemectr/lab3 (master)
$ git push
Enumerating objects: 7, done.
Counting objects: 100% (7/7), done.
Delta compression using up to 4 threads
Compressing objects: 100% (4/4), done.
Writing objects: 100% (4/4), 498 bytes | 249.00 KiB/s, done.
Total 4 (delta 1), reused 0 (delta 0)
remote: Resolving deltas: 100% (1/1), completed with 1 local object.
To https://github.com/MuromtsevaEA/laba3.git
   99de2d4..e5125ed  master -> master

Ёльвира ћ”–ќћ÷≈¬ј@elia-2001 MINGW64 ~/Desktop/proga/2cemectr/lab3 (master)
$ git status
On branch master
Your branch is up to date with 'origin/master'.

Changes not staged for commit:
  (use "git add <file>..." to update what will be committed)
  (use "git restore <file>..." to discard changes in working directory)
        modified:   lab3_test/test.cbp

Untracked files:
  (use "git add <file>..." to include in what will be committed)
        bin/Debug/libgcc_s_dw2-1.dll
        bin/Debug/libgcc_s_sjlj-1.dll
        bin/Debug/libstdc++-6.dll
        bin/Debug/marks.svg
        bin/Debug/marks.txt
        lab3_test/lab3_test.depend
        lab3_test/obj/

no changes added to commit (use "git add" and/or "git commit -a")

Ёльвира ћ”–ќћ÷≈¬ј@elia-2001 MINGW64 ~/Desktop/proga/2cemectr/lab3 (master)
$ git add lab3_test/test.cbp

Ёльвира ћ”–ќћ÷≈¬ј@elia-2001 MINGW64 ~/Desktop/proga/2cemectr/lab3 (master)
$ git commit -m 'четвертый тест'
[master 76c6b71] четвертый тест
 1 file changed, 5 insertions(+), 5 deletions(-)

Ёльвира ћ”–ќћ÷≈¬ј@elia-2001 MINGW64 ~/Desktop/proga/2cemectr/lab3 (master)
$ git push
Enumerating objects: 7, done.
Counting objects: 100% (7/7), done.
Delta compression using up to 4 threads
Compressing objects: 100% (4/4), done.
Writing objects: 100% (4/4), 496 bytes | 165.00 KiB/s, done.
Total 4 (delta 1), reused 0 (delta 0)
remote: Resolving deltas: 100% (1/1), completed with 1 local object.
To https://github.com/MuromtsevaEA/laba3.git
   e5125ed..76c6b71  master -> master

9. ¬нести изменени€ с учетом случа€, при котором программа не работает, написать коммит.

Ёльвира ћ”–ќћ÷≈¬ј@elia-2001 MINGW64 ~/Desktop/proga/2cemectr/lab3 (master)
$ git status
On branch master
Your branch is up to date with 'origin/master'.

Changes not staged for commit:
  (use "git add <file>..." to update what will be committed)
  (use "git restore <file>..." to discard changes in working directory)
        modified:   MinMax.cpp

Untracked files:
  (use "git add <file>..." to include in what will be committed)
        bin/Debug/libgcc_s_dw2-1.dll
        bin/Debug/libgcc_s_sjlj-1.dll
        bin/Debug/libstdc++-6.dll
        bin/Debug/marks.svg
        bin/Debug/marks.txt
        lab3_test/lab3_test.depend
        lab3_test/obj/

no changes added to commit (use "git add" and/or "git commit -a")

Ёльвира ћ”–ќћ÷≈¬ј@elia-2001 MINGW64 ~/Desktop/proga/2cemectr/lab3 (master)
$ git add MinMax.cpp

Ёльвира ћ”–ќћ÷≈¬ј@elia-2001 MINGW64 ~/Desktop/proga/2cemectr/lab3 (master)
$ git status
On branch master
Your branch is up to date with 'origin/master'.

Changes to be committed:
  (use "git restore --staged <file>..." to unstage)
        modified:   MinMax.cpp

Untracked files:
  (use "git add <file>..." to include in what will be committed)
        bin/Debug/libgcc_s_dw2-1.dll
        bin/Debug/libgcc_s_sjlj-1.dll
        bin/Debug/libstdc++-6.dll
        bin/Debug/marks.svg
        bin/Debug/marks.txt
        lab3_test/lab3_test.depend
        lab3_test/obj/


Ёльвира ћ”–ќћ÷≈¬ј@elia-2001 MINGW64 ~/Desktop/proga/2cemectr/lab3 (master)
$ git commit -m ' внесла изменени€ с учетом случа€, при котоом программа не работает'
[master bce070c]  внесла изменени€ с учетом случа€, при котоом программа не работает
 1 file changed, 8 insertions(+)

Ёльвира ћ”–ќћ÷≈¬ј@elia-2001 MINGW64 ~/Desktop/proga/2cemectr/lab3 (master)
$ git push
Enumerating objects: 5, done.
Counting objects: 100% (5/5), done.
Delta compression using up to 4 threads
Compressing objects: 100% (3/3), done.
Writing objects: 100% (3/3), 457 bytes | 457.00 KiB/s, done.
Total 3 (delta 2), reused 0 (delta 0)
remote: Resolving deltas: 100% (2/2), completed with 2 local objects.
To https://github.com/MuromtsevaEA/laba3.git
   76c6b71..bce070c  master -> master

10. —оздать отдельный модуль дл€ работы с svg, сделать коммит.

Ёльвира ћ”–ќћ÷≈¬ј@elia-2001 MINGW64 ~/Desktop/proga/2cemectr/lab3 (master)
$ git status
On branch master
Your branch is up to date with 'origin/master'.

Untracked files:
  (use "git add <file>..." to include in what will be committed)
        SVG.h
        bin/Debug/libgcc_s_dw2-1.dll
        bin/Debug/libgcc_s_sjlj-1.dll
        bin/Debug/libstdc++-6.dll
        bin/Debug/marks.svg
        bin/Debug/marks.txt
        lab3_test/lab3_test.depend
        lab3_test/obj/

nothing added to commit but untracked files present (use "git add" to track)

Ёльвира ћ”–ќћ÷≈¬ј@elia-2001 MINGW64 ~/Desktop/proga/2cemectr/lab3 (master)
$ git add SVG.h

Ёльвира ћ”–ќћ÷≈¬ј@elia-2001 MINGW64 ~/Desktop/proga/2cemectr/lab3 (master)
$ git add main.cpp

Ёльвира ћ”–ќћ÷≈¬ј@elia-2001 MINGW64 ~/Desktop/proga/2cemectr/lab3 (master)
$ git commit -m ' модуль со всеми функци€ми дл€ svg'
[master a445e0b]  модуль со всеми функци€ми дл€ svg
 1 file changed, 77 insertions(+)
 create mode 100644 SVG.h

Ёльвира ћ”–ќћ÷≈¬ј@elia-2001 MINGW64 ~/Desktop/proga/2cemectr/lab3 (master)
$ git push
Enumerating objects: 4, done.
Counting objects: 100% (4/4), done.
Delta compression using up to 4 threads
Compressing objects: 100% (3/3), done.
Writing objects: 100% (3/3), 1.07 KiB | 1.07 MiB/s, done.
Total 3 (delta 1), reused 0 (delta 0)
remote: Resolving deltas: 100% (1/1), completed with 1 local object.
To https://github.com/MuromtsevaEA/laba3.git
   bce070c..a445e0b  master -> master

11. ¬несла изменени€, выполнила задание варианта, ссделала коммиты

Ёльвира ћ”–ќћ÷≈¬ј@elia-2001 MINGW64 ~/Desktop/proga/2cemectr/lab3 (master)
$ git status
On branch master
Your branch is ahead of 'origin/master' by 2 commits.
  (use "git push" to publish your local commits)

Changes not staged for commit:
  (use "git add <file>..." to update what will be committed)
  (use "git restore <file>..." to discard changes in working directory)
        modified:   MinMax.cpp
        modified:   MinMax.h
        modified:   MinMax.o
        modified:   main.o

Untracked files:
  (use "git add <file>..." to include in what will be committed)
        bin/Debug/libgcc_s_dw2-1.dll
        bin/Debug/libgcc_s_sjlj-1.dll
        bin/Debug/libstdc++-6.dll
        bin/Debug/marks.svg
        bin/Debug/marks.txt
        lab3_test/lab3_test.depend
        lab3_test/lab3_test.layout
        lab3_test/obj/

no changes added to commit (use "git add" and/or "git commit -a")

Ёльвира ћ”–ќћ÷≈¬ј@elia-2001 MINGW64 ~/Desktop/proga/2cemectr/lab3 (master)
$ git add MinMax.cpp

Ёльвира ћ”–ќћ÷≈¬ј@elia-2001 MINGW64 ~/Desktop/proga/2cemectr/lab3 (master)
$ git add MinMax.h

Ёльвира ћ”–ќћ÷≈¬ј@elia-2001 MINGW64 ~/Desktop/proga/2cemectr/lab3 (master)
$ git add MinMax.o

Ёльвира ћ”–ќћ÷≈¬ј@elia-2001 MINGW64 ~/Desktop/proga/2cemectr/lab3 (master)
$ git add main.o

Ёльвира ћ”–ќћ÷≈¬ј@elia-2001 MINGW64 ~/Desktop/proga/2cemectr/lab3 (master)
$ git status
On branch master
Your branch is up to date with 'origin/master'.

Changes not staged for commit:
  (use "git add <file>..." to update what will be committed)
  (use "git restore <file>..." to discard changes in working directory)
        modified:   SVG.h
        modified:   main.cpp
        modified:   main.o

Untracked files:
  (use "git add <file>..." to include in what will be committed)
        bin/Debug/libgcc_s_dw2-1.dll
        bin/Debug/libgcc_s_sjlj-1.dll
        bin/Debug/libstdc++-6.dll
        bin/Debug/marks.svg
        bin/Debug/marks.txt
        lab3_test/lab3_test.depend
        lab3_test/lab3_test.layout
        lab3_test/obj/

no changes added to commit (use "git add" and/or "git commit -a")

Ёльвира ћ”–ќћ÷≈¬ј@elia-2001 MINGW64 ~/Desktop/proga/2cemectr/lab3 (master)
$ git add SVG.h

Ёльвира ћ”–ќћ÷≈¬ј@elia-2001 MINGW64 ~/Desktop/proga/2cemectr/lab3 (master)
$ git add main.cpp

Ёльвира ћ”–ќћ÷≈¬ј@elia-2001 MINGW64 ~/Desktop/proga/2cemectr/lab3 (master)
$ git add main.o

Ёльвира ћ”–ќћ÷≈¬ј@elia-2001 MINGW64 ~/Desktop/proga/2cemectr/lab3 (master)
$ git status
On branch master
Your branch is up to date with 'origin/master'.

Changes to be committed:
  (use "git restore --staged <file>..." to unstage)
        modified:   SVG.h
        modified:   main.cpp
        modified:   main.o

Untracked files:
  (use "git add <file>..." to include in what will be committed)
        bin/Debug/libgcc_s_dw2-1.dll
        bin/Debug/libgcc_s_sjlj-1.dll
        bin/Debug/libstdc++-6.dll
        bin/Debug/marks.svg
        bin/Debug/marks.txt
        lab3_test/lab3_test.depend
        lab3_test/lab3_test.layout
        lab3_test/obj/


Ёльвира ћ”–ќћ÷≈¬ј@elia-2001 MINGW64 ~/Desktop/proga/2cemectr/lab3 (master)
$ git commit -m 'внесла изменени€ с учетом варианта'
[master 7264b97] внесла изменени€ с учетом варианта
 3 files changed, 11 insertions(+), 7 deletions(-)
 rewrite main.o (97%)

Ёльвира ћ”–ќћ÷≈¬ј@elia-2001 MINGW64 ~/Desktop/proga/2cemectr/lab3 (master)
$ git push
Enumerating objects: 9, done.
Counting objects: 100% (9/9), done.
Delta compression using up to 4 threads
Compressing objects: 100% (5/5), done.
Writing objects: 100% (5/5), 9.24 KiB | 1.16 MiB/s, done.
Total 5 (delta 4), reused 0 (delta 0)
remote: Resolving deltas: 100% (4/4), completed with 4 local objects.
To https://github.com/MuromtsevaEA/laba3.git
   41fc9b7..7264b97  master -> master


